[
  "raining_12_apples_red_12.99_GB",
  "raining_12_apples_red_12.99_null",
  "raining_12_apples_red_null_GB",
  "raining_12_apples_red_null_null",
  "raining_12_apples_null_12.99_GB",
  "raining_12_apples_null_12.99_null",
  "raining_12_apples_null_null_GB",
  "raining_12_apples_null_null_null",
  "raining_12_null_red_12.99_GB",
  "raining_12_null_red_12.99_null",
  "raining_12_null_red_null_GB",
  "raining_12_null_red_null_null",
  "raining_12_null_null_12.99_GB",
  "raining_12_null_null_12.99_null",
  "raining_12_null_null_null_GB",
  "raining_12_null_null_null_null",
  "raining_null_apples_red_12.99_GB",
  "raining_null_apples_red_12.99_null",
  "raining_null_apples_red_null_GB",
  "raining_null_apples_red_null_null",
  "raining_null_apples_null_12.99_GB",
  "raining_null_apples_null_12.99_null",
  "raining_null_apples_null_null_GB",
  "raining_null_apples_null_null_null",
  "raining_null_null_red_12.99_GB",
  "raining_null_null_red_12.99_null",
  "raining_null_null_red_null_GB",
  "raining_null_null_red_null_null",
  "raining_null_null_null_12.99_GB",
  "raining_null_null_null_12.99_null",
  "raining_null_null_null_null_GB",
  "raining_null_null_null_null_null",
  "null_12_apples_red_12.99_GB",
  "null_12_apples_red_12.99_null",
  "null_12_apples_red_null_GB",
  "null_12_apples_red_null_null",
  "null_12_apples_null_12.99_GB",
  "null_12_apples_null_12.99_null",
  "null_12_apples_null_null_GB",
  "null_12_apples_null_null_null",
  "null_12_null_red_12.99_GB",
  "null_12_null_red_12.99_null",
  "null_12_null_red_null_GB",
  "null_12_null_red_null_null",
  "null_12_null_null_12.99_GB",
  "null_12_null_null_12.99_null",
  "null_12_null_null_null_GB",
  "null_12_null_null_null_null",
  "null_null_apples_red_12.99_GB",
  "null_null_apples_red_12.99_null",
  "null_null_apples_red_null_GB",
  "null_null_apples_red_null_null",
  "null_null_apples_null_12.99_GB",
  "null_null_apples_null_12.99_null",
  "null_null_apples_null_null_GB",
  "null_null_apples_null_null_null",
  "null_null_null_red_12.99_GB",
  "null_null_null_red_12.99_null",
  "null_null_null_red_null_GB",
  "null_null_null_red_null_null",
  "null_null_null_null_12.99_GB",
  "null_null_null_null_12.99_null",
  "null_null_null_null_null_GB",
  "null_null_null_null_null_null"
]