[
  "raining_12_apples_red",
  "raining_12_apples_null",
  "raining_12_null_red",
  "raining_12_null_null",
  "raining_null_apples_red",
  "raining_null_apples_null",
  "raining_null_null_red",
  "raining_null_null_null",
  "null_12_apples_red",
  "null_12_apples_null",
  "null_12_null_red",
  "null_12_null_null",
  "null_null_apples_red",
  "null_null_apples_null",
  "null_null_null_red",
  "null_null_null_null"
]