[
  "raining_12_apples",
  "raining_12_null",
  "raining_null_apples",
  "raining_null_null",
  "null_12_apples",
  "null_12_null",
  "null_null_apples",
  "null_null_null"
]