[
  "raining_12",
  "raining_34",
  "raining_3",
  "raining_22",
  "raining_0",
  "sunny_12",
  "sunny_34",
  "sunny_3",
  "sunny_22",
  "sunny_0",
  "cloudy_12",
  "cloudy_34",
  "cloudy_3",
  "cloudy_22",
  "cloudy_0",
  "snowing_12",
  "snowing_34",
  "snowing_3",
  "snowing_22",
  "snowing_0"
]