[
  "raining_12_apples_red_12.99_GB_large_red",
  "raining_12_apples_red_12.99_GB_large_null",
  "raining_12_apples_red_12.99_GB_null_red",
  "raining_12_apples_red_12.99_GB_null_null",
  "raining_12_apples_red_12.99_null_large_red",
  "raining_12_apples_red_12.99_null_large_null",
  "raining_12_apples_red_12.99_null_null_red",
  "raining_12_apples_red_12.99_null_null_null",
  "raining_12_apples_red_null_GB_large_red",
  "raining_12_apples_red_null_GB_large_null",
  "raining_12_apples_red_null_GB_null_red",
  "raining_12_apples_red_null_GB_null_null",
  "raining_12_apples_red_null_null_large_red",
  "raining_12_apples_red_null_null_large_null",
  "raining_12_apples_red_null_null_null_red",
  "raining_12_apples_red_null_null_null_null",
  "raining_12_apples_null_12.99_GB_large_red",
  "raining_12_apples_null_12.99_GB_large_null",
  "raining_12_apples_null_12.99_GB_null_red",
  "raining_12_apples_null_12.99_GB_null_null",
  "raining_12_apples_null_12.99_null_large_red",
  "raining_12_apples_null_12.99_null_large_null",
  "raining_12_apples_null_12.99_null_null_red",
  "raining_12_apples_null_12.99_null_null_null",
  "raining_12_apples_null_null_GB_large_red",
  "raining_12_apples_null_null_GB_large_null",
  "raining_12_apples_null_null_GB_null_red",
  "raining_12_apples_null_null_GB_null_null",
  "raining_12_apples_null_null_null_large_red",
  "raining_12_apples_null_null_null_large_null",
  "raining_12_apples_null_null_null_null_red",
  "raining_12_apples_null_null_null_null_null",
  "raining_12_null_red_12.99_GB_large_red",
  "raining_12_null_red_12.99_GB_large_null",
  "raining_12_null_red_12.99_GB_null_red",
  "raining_12_null_red_12.99_GB_null_null",
  "raining_12_null_red_12.99_null_large_red",
  "raining_12_null_red_12.99_null_large_null",
  "raining_12_null_red_12.99_null_null_red",
  "raining_12_null_red_12.99_null_null_null",
  "raining_12_null_red_null_GB_large_red",
  "raining_12_null_red_null_GB_large_null",
  "raining_12_null_red_null_GB_null_red",
  "raining_12_null_red_null_GB_null_null",
  "raining_12_null_red_null_null_large_red",
  "raining_12_null_red_null_null_large_null",
  "raining_12_null_red_null_null_null_red",
  "raining_12_null_red_null_null_null_null",
  "raining_12_null_null_12.99_GB_large_red",
  "raining_12_null_null_12.99_GB_large_null",
  "raining_12_null_null_12.99_GB_null_red",
  "raining_12_null_null_12.99_GB_null_null",
  "raining_12_null_null_12.99_null_large_red",
  "raining_12_null_null_12.99_null_large_null",
  "raining_12_null_null_12.99_null_null_red",
  "raining_12_null_null_12.99_null_null_null",
  "raining_12_null_null_null_GB_large_red",
  "raining_12_null_null_null_GB_large_null",
  "raining_12_null_null_null_GB_null_red",
  "raining_12_null_null_null_GB_null_null",
  "raining_12_null_null_null_null_large_red",
  "raining_12_null_null_null_null_large_null",
  "raining_12_null_null_null_null_null_red",
  "raining_12_null_null_null_null_null_null",
  "raining_null_apples_red_12.99_GB_large_red",
  "raining_null_apples_red_12.99_GB_large_null",
  "raining_null_apples_red_12.99_GB_null_red",
  "raining_null_apples_red_12.99_GB_null_null",
  "raining_null_apples_red_12.99_null_large_red",
  "raining_null_apples_red_12.99_null_large_null",
  "raining_null_apples_red_12.99_null_null_red",
  "raining_null_apples_red_12.99_null_null_null",
  "raining_null_apples_red_null_GB_large_red",
  "raining_null_apples_red_null_GB_large_null",
  "raining_null_apples_red_null_GB_null_red",
  "raining_null_apples_red_null_GB_null_null",
  "raining_null_apples_red_null_null_large_red",
  "raining_null_apples_red_null_null_large_null",
  "raining_null_apples_red_null_null_null_red",
  "raining_null_apples_red_null_null_null_null",
  "raining_null_apples_null_12.99_GB_large_red",
  "raining_null_apples_null_12.99_GB_large_null",
  "raining_null_apples_null_12.99_GB_null_red",
  "raining_null_apples_null_12.99_GB_null_null",
  "raining_null_apples_null_12.99_null_large_red",
  "raining_null_apples_null_12.99_null_large_null",
  "raining_null_apples_null_12.99_null_null_red",
  "raining_null_apples_null_12.99_null_null_null",
  "raining_null_apples_null_null_GB_large_red",
  "raining_null_apples_null_null_GB_large_null",
  "raining_null_apples_null_null_GB_null_red",
  "raining_null_apples_null_null_GB_null_null",
  "raining_null_apples_null_null_null_large_red",
  "raining_null_apples_null_null_null_large_null",
  "raining_null_apples_null_null_null_null_red",
  "raining_null_apples_null_null_null_null_null",
  "raining_null_null_red_12.99_GB_large_red",
  "raining_null_null_red_12.99_GB_large_null",
  "raining_null_null_red_12.99_GB_null_red",
  "raining_null_null_red_12.99_GB_null_null",
  "raining_null_null_red_12.99_null_large_red",
  "raining_null_null_red_12.99_null_large_null",
  "raining_null_null_red_12.99_null_null_red",
  "raining_null_null_red_12.99_null_null_null",
  "raining_null_null_red_null_GB_large_red",
  "raining_null_null_red_null_GB_large_null",
  "raining_null_null_red_null_GB_null_red",
  "raining_null_null_red_null_GB_null_null",
  "raining_null_null_red_null_null_large_red",
  "raining_null_null_red_null_null_large_null",
  "raining_null_null_red_null_null_null_red",
  "raining_null_null_red_null_null_null_null",
  "raining_null_null_null_12.99_GB_large_red",
  "raining_null_null_null_12.99_GB_large_null",
  "raining_null_null_null_12.99_GB_null_red",
  "raining_null_null_null_12.99_GB_null_null",
  "raining_null_null_null_12.99_null_large_red",
  "raining_null_null_null_12.99_null_large_null",
  "raining_null_null_null_12.99_null_null_red",
  "raining_null_null_null_12.99_null_null_null",
  "raining_null_null_null_null_GB_large_red",
  "raining_null_null_null_null_GB_large_null",
  "raining_null_null_null_null_GB_null_red",
  "raining_null_null_null_null_GB_null_null",
  "raining_null_null_null_null_null_large_red",
  "raining_null_null_null_null_null_large_null",
  "raining_null_null_null_null_null_null_red",
  "raining_null_null_null_null_null_null_null",
  "null_12_apples_red_12.99_GB_large_red",
  "null_12_apples_red_12.99_GB_large_null",
  "null_12_apples_red_12.99_GB_null_red",
  "null_12_apples_red_12.99_GB_null_null",
  "null_12_apples_red_12.99_null_large_red",
  "null_12_apples_red_12.99_null_large_null",
  "null_12_apples_red_12.99_null_null_red",
  "null_12_apples_red_12.99_null_null_null",
  "null_12_apples_red_null_GB_large_red",
  "null_12_apples_red_null_GB_large_null",
  "null_12_apples_red_null_GB_null_red",
  "null_12_apples_red_null_GB_null_null",
  "null_12_apples_red_null_null_large_red",
  "null_12_apples_red_null_null_large_null",
  "null_12_apples_red_null_null_null_red",
  "null_12_apples_red_null_null_null_null",
  "null_12_apples_null_12.99_GB_large_red",
  "null_12_apples_null_12.99_GB_large_null",
  "null_12_apples_null_12.99_GB_null_red",
  "null_12_apples_null_12.99_GB_null_null",
  "null_12_apples_null_12.99_null_large_red",
  "null_12_apples_null_12.99_null_large_null",
  "null_12_apples_null_12.99_null_null_red",
  "null_12_apples_null_12.99_null_null_null",
  "null_12_apples_null_null_GB_large_red",
  "null_12_apples_null_null_GB_large_null",
  "null_12_apples_null_null_GB_null_red",
  "null_12_apples_null_null_GB_null_null",
  "null_12_apples_null_null_null_large_red",
  "null_12_apples_null_null_null_large_null",
  "null_12_apples_null_null_null_null_red",
  "null_12_apples_null_null_null_null_null",
  "null_12_null_red_12.99_GB_large_red",
  "null_12_null_red_12.99_GB_large_null",
  "null_12_null_red_12.99_GB_null_red",
  "null_12_null_red_12.99_GB_null_null",
  "null_12_null_red_12.99_null_large_red",
  "null_12_null_red_12.99_null_large_null",
  "null_12_null_red_12.99_null_null_red",
  "null_12_null_red_12.99_null_null_null",
  "null_12_null_red_null_GB_large_red",
  "null_12_null_red_null_GB_large_null",
  "null_12_null_red_null_GB_null_red",
  "null_12_null_red_null_GB_null_null",
  "null_12_null_red_null_null_large_red",
  "null_12_null_red_null_null_large_null",
  "null_12_null_red_null_null_null_red",
  "null_12_null_red_null_null_null_null",
  "null_12_null_null_12.99_GB_large_red",
  "null_12_null_null_12.99_GB_large_null",
  "null_12_null_null_12.99_GB_null_red",
  "null_12_null_null_12.99_GB_null_null",
  "null_12_null_null_12.99_null_large_red",
  "null_12_null_null_12.99_null_large_null",
  "null_12_null_null_12.99_null_null_red",
  "null_12_null_null_12.99_null_null_null",
  "null_12_null_null_null_GB_large_red",
  "null_12_null_null_null_GB_large_null",
  "null_12_null_null_null_GB_null_red",
  "null_12_null_null_null_GB_null_null",
  "null_12_null_null_null_null_large_red",
  "null_12_null_null_null_null_large_null",
  "null_12_null_null_null_null_null_red",
  "null_12_null_null_null_null_null_null",
  "null_null_apples_red_12.99_GB_large_red",
  "null_null_apples_red_12.99_GB_large_null",
  "null_null_apples_red_12.99_GB_null_red",
  "null_null_apples_red_12.99_GB_null_null",
  "null_null_apples_red_12.99_null_large_red",
  "null_null_apples_red_12.99_null_large_null",
  "null_null_apples_red_12.99_null_null_red",
  "null_null_apples_red_12.99_null_null_null",
  "null_null_apples_red_null_GB_large_red",
  "null_null_apples_red_null_GB_large_null",
  "null_null_apples_red_null_GB_null_red",
  "null_null_apples_red_null_GB_null_null",
  "null_null_apples_red_null_null_large_red",
  "null_null_apples_red_null_null_large_null",
  "null_null_apples_red_null_null_null_red",
  "null_null_apples_red_null_null_null_null",
  "null_null_apples_null_12.99_GB_large_red",
  "null_null_apples_null_12.99_GB_large_null",
  "null_null_apples_null_12.99_GB_null_red",
  "null_null_apples_null_12.99_GB_null_null",
  "null_null_apples_null_12.99_null_large_red",
  "null_null_apples_null_12.99_null_large_null",
  "null_null_apples_null_12.99_null_null_red",
  "null_null_apples_null_12.99_null_null_null",
  "null_null_apples_null_null_GB_large_red",
  "null_null_apples_null_null_GB_large_null",
  "null_null_apples_null_null_GB_null_red",
  "null_null_apples_null_null_GB_null_null",
  "null_null_apples_null_null_null_large_red",
  "null_null_apples_null_null_null_large_null",
  "null_null_apples_null_null_null_null_red",
  "null_null_apples_null_null_null_null_null",
  "null_null_null_red_12.99_GB_large_red",
  "null_null_null_red_12.99_GB_large_null",
  "null_null_null_red_12.99_GB_null_red",
  "null_null_null_red_12.99_GB_null_null",
  "null_null_null_red_12.99_null_large_red",
  "null_null_null_red_12.99_null_large_null",
  "null_null_null_red_12.99_null_null_red",
  "null_null_null_red_12.99_null_null_null",
  "null_null_null_red_null_GB_large_red",
  "null_null_null_red_null_GB_large_null",
  "null_null_null_red_null_GB_null_red",
  "null_null_null_red_null_GB_null_null",
  "null_null_null_red_null_null_large_red",
  "null_null_null_red_null_null_large_null",
  "null_null_null_red_null_null_null_red",
  "null_null_null_red_null_null_null_null",
  "null_null_null_null_12.99_GB_large_red",
  "null_null_null_null_12.99_GB_large_null",
  "null_null_null_null_12.99_GB_null_red",
  "null_null_null_null_12.99_GB_null_null",
  "null_null_null_null_12.99_null_large_red",
  "null_null_null_null_12.99_null_large_null",
  "null_null_null_null_12.99_null_null_red",
  "null_null_null_null_12.99_null_null_null",
  "null_null_null_null_null_GB_large_red",
  "null_null_null_null_null_GB_large_null",
  "null_null_null_null_null_GB_null_red",
  "null_null_null_null_null_GB_null_null",
  "null_null_null_null_null_null_large_red",
  "null_null_null_null_null_null_large_null",
  "null_null_null_null_null_null_null_red",
  "null_null_null_null_null_null_null_null"
]