[
  "raining_12",
  "raining_null",
  "null_12",
  "null_null"
]