[
  "raining_12_apples_red_12.99",
  "raining_12_apples_red_18.5",
  "raining_12_apples_blue_12.99",
  "raining_12_apples_blue_18.5",
  "raining_12_oranges_red_12.99",
  "raining_12_oranges_red_18.5",
  "raining_12_oranges_blue_12.99",
  "raining_12_oranges_blue_18.5",
  "raining_34_apples_red_12.99",
  "raining_34_apples_red_18.5",
  "raining_34_apples_blue_12.99",
  "raining_34_apples_blue_18.5",
  "raining_34_oranges_red_12.99",
  "raining_34_oranges_red_18.5",
  "raining_34_oranges_blue_12.99",
  "raining_34_oranges_blue_18.5",
  "raining_3_apples_red_12.99",
  "raining_3_apples_red_18.5",
  "raining_3_apples_blue_12.99",
  "raining_3_apples_blue_18.5",
  "raining_3_oranges_red_12.99",
  "raining_3_oranges_red_18.5",
  "raining_3_oranges_blue_12.99",
  "raining_3_oranges_blue_18.5",
  "raining_22_apples_red_12.99",
  "raining_22_apples_red_18.5",
  "raining_22_apples_blue_12.99",
  "raining_22_apples_blue_18.5",
  "raining_22_oranges_red_12.99",
  "raining_22_oranges_red_18.5",
  "raining_22_oranges_blue_12.99",
  "raining_22_oranges_blue_18.5",
  "raining_0_apples_red_12.99",
  "raining_0_apples_red_18.5",
  "raining_0_apples_blue_12.99",
  "raining_0_apples_blue_18.5",
  "raining_0_oranges_red_12.99",
  "raining_0_oranges_red_18.5",
  "raining_0_oranges_blue_12.99",
  "raining_0_oranges_blue_18.5",
  "sunny_12_apples_red_12.99",
  "sunny_12_apples_red_18.5",
  "sunny_12_apples_blue_12.99",
  "sunny_12_apples_blue_18.5",
  "sunny_12_oranges_red_12.99",
  "sunny_12_oranges_red_18.5",
  "sunny_12_oranges_blue_12.99",
  "sunny_12_oranges_blue_18.5",
  "sunny_34_apples_red_12.99",
  "sunny_34_apples_red_18.5",
  "sunny_34_apples_blue_12.99",
  "sunny_34_apples_blue_18.5",
  "sunny_34_oranges_red_12.99",
  "sunny_34_oranges_red_18.5",
  "sunny_34_oranges_blue_12.99",
  "sunny_34_oranges_blue_18.5",
  "sunny_3_apples_red_12.99",
  "sunny_3_apples_red_18.5",
  "sunny_3_apples_blue_12.99",
  "sunny_3_apples_blue_18.5",
  "sunny_3_oranges_red_12.99",
  "sunny_3_oranges_red_18.5",
  "sunny_3_oranges_blue_12.99",
  "sunny_3_oranges_blue_18.5",
  "sunny_22_apples_red_12.99",
  "sunny_22_apples_red_18.5",
  "sunny_22_apples_blue_12.99",
  "sunny_22_apples_blue_18.5",
  "sunny_22_oranges_red_12.99",
  "sunny_22_oranges_red_18.5",
  "sunny_22_oranges_blue_12.99",
  "sunny_22_oranges_blue_18.5",
  "sunny_0_apples_red_12.99",
  "sunny_0_apples_red_18.5",
  "sunny_0_apples_blue_12.99",
  "sunny_0_apples_blue_18.5",
  "sunny_0_oranges_red_12.99",
  "sunny_0_oranges_red_18.5",
  "sunny_0_oranges_blue_12.99",
  "sunny_0_oranges_blue_18.5",
  "cloudy_12_apples_red_12.99",
  "cloudy_12_apples_red_18.5",
  "cloudy_12_apples_blue_12.99",
  "cloudy_12_apples_blue_18.5",
  "cloudy_12_oranges_red_12.99",
  "cloudy_12_oranges_red_18.5",
  "cloudy_12_oranges_blue_12.99",
  "cloudy_12_oranges_blue_18.5",
  "cloudy_34_apples_red_12.99",
  "cloudy_34_apples_red_18.5",
  "cloudy_34_apples_blue_12.99",
  "cloudy_34_apples_blue_18.5",
  "cloudy_34_oranges_red_12.99",
  "cloudy_34_oranges_red_18.5",
  "cloudy_34_oranges_blue_12.99",
  "cloudy_34_oranges_blue_18.5",
  "cloudy_3_apples_red_12.99",
  "cloudy_3_apples_red_18.5",
  "cloudy_3_apples_blue_12.99",
  "cloudy_3_apples_blue_18.5",
  "cloudy_3_oranges_red_12.99",
  "cloudy_3_oranges_red_18.5",
  "cloudy_3_oranges_blue_12.99",
  "cloudy_3_oranges_blue_18.5",
  "cloudy_22_apples_red_12.99",
  "cloudy_22_apples_red_18.5",
  "cloudy_22_apples_blue_12.99",
  "cloudy_22_apples_blue_18.5",
  "cloudy_22_oranges_red_12.99",
  "cloudy_22_oranges_red_18.5",
  "cloudy_22_oranges_blue_12.99",
  "cloudy_22_oranges_blue_18.5",
  "cloudy_0_apples_red_12.99",
  "cloudy_0_apples_red_18.5",
  "cloudy_0_apples_blue_12.99",
  "cloudy_0_apples_blue_18.5",
  "cloudy_0_oranges_red_12.99",
  "cloudy_0_oranges_red_18.5",
  "cloudy_0_oranges_blue_12.99",
  "cloudy_0_oranges_blue_18.5",
  "snowing_12_apples_red_12.99",
  "snowing_12_apples_red_18.5",
  "snowing_12_apples_blue_12.99",
  "snowing_12_apples_blue_18.5",
  "snowing_12_oranges_red_12.99",
  "snowing_12_oranges_red_18.5",
  "snowing_12_oranges_blue_12.99",
  "snowing_12_oranges_blue_18.5",
  "snowing_34_apples_red_12.99",
  "snowing_34_apples_red_18.5",
  "snowing_34_apples_blue_12.99",
  "snowing_34_apples_blue_18.5",
  "snowing_34_oranges_red_12.99",
  "snowing_34_oranges_red_18.5",
  "snowing_34_oranges_blue_12.99",
  "snowing_34_oranges_blue_18.5",
  "snowing_3_apples_red_12.99",
  "snowing_3_apples_red_18.5",
  "snowing_3_apples_blue_12.99",
  "snowing_3_apples_blue_18.5",
  "snowing_3_oranges_red_12.99",
  "snowing_3_oranges_red_18.5",
  "snowing_3_oranges_blue_12.99",
  "snowing_3_oranges_blue_18.5",
  "snowing_22_apples_red_12.99",
  "snowing_22_apples_red_18.5",
  "snowing_22_apples_blue_12.99",
  "snowing_22_apples_blue_18.5",
  "snowing_22_oranges_red_12.99",
  "snowing_22_oranges_red_18.5",
  "snowing_22_oranges_blue_12.99",
  "snowing_22_oranges_blue_18.5",
  "snowing_0_apples_red_12.99",
  "snowing_0_apples_red_18.5",
  "snowing_0_apples_blue_12.99",
  "snowing_0_apples_blue_18.5",
  "snowing_0_oranges_red_12.99",
  "snowing_0_oranges_red_18.5",
  "snowing_0_oranges_blue_12.99",
  "snowing_0_oranges_blue_18.5"
]