[
  "raining_12_apples",
  "raining_12_oranges",
  "raining_34_apples",
  "raining_34_oranges",
  "raining_3_apples",
  "raining_3_oranges",
  "raining_22_apples",
  "raining_22_oranges",
  "raining_0_apples",
  "raining_0_oranges",
  "sunny_12_apples",
  "sunny_12_oranges",
  "sunny_34_apples",
  "sunny_34_oranges",
  "sunny_3_apples",
  "sunny_3_oranges",
  "sunny_22_apples",
  "sunny_22_oranges",
  "sunny_0_apples",
  "sunny_0_oranges",
  "cloudy_12_apples",
  "cloudy_12_oranges",
  "cloudy_34_apples",
  "cloudy_34_oranges",
  "cloudy_3_apples",
  "cloudy_3_oranges",
  "cloudy_22_apples",
  "cloudy_22_oranges",
  "cloudy_0_apples",
  "cloudy_0_oranges",
  "snowing_12_apples",
  "snowing_12_oranges",
  "snowing_34_apples",
  "snowing_34_oranges",
  "snowing_3_apples",
  "snowing_3_oranges",
  "snowing_22_apples",
  "snowing_22_oranges",
  "snowing_0_apples",
  "snowing_0_oranges"
]